---
source: src/qir/qsystem_ext.rs
expression: mod_str
---
; ModuleID = 'test_context'
source_filename = "test_context"

define { i1, ptr } @_hl.main.1() {
alloca_block:
  br label %entry_block

entry_block:                                      ; preds = %alloca_block
  %0 = call ptr @__quantum__rt__qubit_allocate()
  %1 = insertvalue { i1, ptr } { i1 true, ptr poison }, ptr %0, 1
  ret { i1, ptr } %1
}

declare ptr @__quantum__rt__qubit_allocate()
