---
source: src/qir/wasm_ext.rs
expression: mod_str
---
; ModuleID = 'test_context'
source_filename = "test_context"

define internal ptr @_hl.main.1({} %0) {
alloca_block:
  %"0" = alloca ptr, align 8
  %"2_0" = alloca {}, align 8
  %"4_0" = alloca ptr, align 8
  br label %entry_block

entry_block:                                      ; preds = %alloca_block
  store {} %0, ptr %"2_0", align 1
  %"2_01" = load {}, ptr %"2_0", align 1
  store ptr @example_function, ptr %"4_0", align 8
  %"4_02" = load ptr, ptr %"4_0", align 8
  store ptr %"4_02", ptr %"0", align 8
  %"03" = load ptr, ptr %"0", align 8
  ret ptr %"03"
}

declare void @example_function() #0

attributes #0 = { "wasm" }
