---
source: src/lower_ssa_vars.rs
expression: "normalized_module_ir_for_snapshot(&module, fixture)"
---
; ModuleID = '<fixture:simple_float_select>'
source_filename = "simple_float_select"
target datalayout = "<normalized>"
target triple = "<normalized>"

; Function Attrs: mustprogress nofree norecurse nosync nounwind willreturn memory(none)
define noundef nofpclass(nan inf zero sub nnorm) double @__hugr__.main.1(i1 noundef %cond0) #0 {
entry:
  br i1 %cond0, label %entry.dup2, label %entry.dup

entry.dup2:                                       ; preds = %entry
  ret double 4.000000e+00

entry.dup:                                        ; preds = %entry
  ret double 5.000000e+00
}

attributes #0 = { mustprogress nofree norecurse nosync nounwind willreturn memory(none) }
