---
source: src/lower_ssa_vars_v2.rs
expression: "normalized_module_ir_for_snapshot(&module, fixture)"
---
; ModuleID = '<fixture:toric_code_example>'
source_filename = "hugr-qir"
target datalayout = "<normalized>"
target triple = "<normalized>"

@0 = private unnamed_addr constant [3 x i8] c"s0\00", align 1
@1 = private unnamed_addr constant [3 x i8] c"s1\00", align 1
@2 = private unnamed_addr constant [2 x i8] c"c\00", align 1

define dso_local void @__hugr__.main.1() local_unnamed_addr #0 {
alloca_block:
  tail call void @__quantum__qis__phasedx__body(double 0x3FF921FB54442D18, double 0xBFF921FB54442D18, ptr null)
  tail call void @__quantum__qis__rz__body(double 0x400921FB54442D18, ptr null)
  tail call void @__quantum__qis__phasedx__body(double 0x3FF921FB54442D18, double 0xBFF921FB54442D18, ptr nonnull inttoptr (i64 1 to ptr))
  tail call void @__quantum__qis__rz__body(double 0x400921FB54442D18, ptr nonnull inttoptr (i64 1 to ptr))
  tail call void @__quantum__qis__phasedx__body(double 0x3FF921FB54442D18, double 0xBFF921FB54442D18, ptr nonnull inttoptr (i64 2 to ptr))
  tail call void @__quantum__qis__rz__body(double 0x400921FB54442D18, ptr nonnull inttoptr (i64 2 to ptr))
  tail call void @__quantum__qis__phasedx__body(double 0x3FF921FB54442D18, double 0xBFF921FB54442D18, ptr nonnull inttoptr (i64 3 to ptr))
  tail call void @__quantum__qis__rz__body(double 0x400921FB54442D18, ptr nonnull inttoptr (i64 3 to ptr))
  tail call void @__quantum__qis__phasedx__body(double 0x3FF921FB54442D18, double 0xBFF921FB54442D18, ptr nonnull inttoptr (i64 4 to ptr))
  tail call void @__quantum__qis__rz__body(double 0x400921FB54442D18, ptr nonnull inttoptr (i64 4 to ptr))
  tail call void @__quantum__qis__phasedx__body(double 0x3FF921FB54442D18, double 0xBFF921FB54442D18, ptr nonnull inttoptr (i64 5 to ptr))
  tail call void @__quantum__qis__rz__body(double 0x400921FB54442D18, ptr nonnull inttoptr (i64 5 to ptr))
  tail call void @__quantum__qis__phasedx__body(double 0x3FF921FB54442D18, double 0xBFF921FB54442D18, ptr nonnull inttoptr (i64 6 to ptr))
  tail call void @__quantum__qis__rz__body(double 0x400921FB54442D18, ptr nonnull inttoptr (i64 6 to ptr))
  tail call void @__quantum__qis__phasedx__body(double 0x3FF921FB54442D18, double 0xBFF921FB54442D18, ptr nonnull inttoptr (i64 7 to ptr))
  tail call void @__quantum__qis__rz__body(double 0x400921FB54442D18, ptr nonnull inttoptr (i64 7 to ptr))
  tail call void @__quantum__qis__phasedx__body(double 0x3FF921FB54442D18, double 0xBFF921FB54442D18, ptr nonnull inttoptr (i64 8 to ptr))
  tail call void @__quantum__qis__rz__body(double 0x400921FB54442D18, ptr nonnull inttoptr (i64 8 to ptr))
  tail call void @__quantum__qis__phasedx__body(double 0x3FF921FB54442D18, double 0xBFF921FB54442D18, ptr nonnull inttoptr (i64 9 to ptr))
  tail call void @__quantum__qis__rz__body(double 0x400921FB54442D18, ptr nonnull inttoptr (i64 9 to ptr))
  tail call void @__quantum__qis__phasedx__body(double 0x3FF921FB54442D18, double 0xBFF921FB54442D18, ptr nonnull inttoptr (i64 10 to ptr))
  tail call void @__quantum__qis__rz__body(double 0x400921FB54442D18, ptr nonnull inttoptr (i64 10 to ptr))
  tail call void @__quantum__qis__phasedx__body(double 0x3FF921FB54442D18, double 0xBFF921FB54442D18, ptr nonnull inttoptr (i64 11 to ptr))
  tail call void @__quantum__qis__rz__body(double 0x400921FB54442D18, ptr nonnull inttoptr (i64 11 to ptr))
  tail call void @__quantum__qis__phasedx__body(double 0x3FF921FB54442D18, double 0xBFF921FB54442D18, ptr nonnull inttoptr (i64 12 to ptr))
  tail call void @__quantum__qis__rz__body(double 0x400921FB54442D18, ptr nonnull inttoptr (i64 12 to ptr))
  tail call void @__quantum__qis__phasedx__body(double 0x3FF921FB54442D18, double 0xBFF921FB54442D18, ptr nonnull inttoptr (i64 13 to ptr))
  tail call void @__quantum__qis__rz__body(double 0x400921FB54442D18, ptr nonnull inttoptr (i64 13 to ptr))
  tail call void @__quantum__qis__phasedx__body(double 0x3FF921FB54442D18, double 0xBFF921FB54442D18, ptr nonnull inttoptr (i64 14 to ptr))
  tail call void @__quantum__qis__rz__body(double 0x400921FB54442D18, ptr nonnull inttoptr (i64 14 to ptr))
  tail call void @__quantum__qis__phasedx__body(double 0x3FF921FB54442D18, double 0xBFF921FB54442D18, ptr nonnull inttoptr (i64 15 to ptr))
  tail call void @__quantum__qis__rz__body(double 0x400921FB54442D18, ptr nonnull inttoptr (i64 15 to ptr))
  tail call void @__quantum__qis__phasedx__body(double 0xBFF921FB54442D18, double 0x3FF921FB54442D18, ptr nonnull inttoptr (i64 16 to ptr))
  tail call void @__quantum__qis__rzz__body(double 0x3FF921FB54442D18, ptr nonnull inttoptr (i64 4 to ptr), ptr nonnull inttoptr (i64 16 to ptr))
  tail call void @__quantum__qis__rz__body(double 0xBFF921FB54442D18, ptr nonnull inttoptr (i64 4 to ptr))
  tail call void @__quantum__qis__phasedx__body(double 0x3FF921FB54442D18, double 0x400921FB54442D18, ptr nonnull inttoptr (i64 16 to ptr))
  tail call void @__quantum__qis__rz__body(double 0xBFF921FB54442D18, ptr nonnull inttoptr (i64 16 to ptr))
  tail call void @__quantum__qis__phasedx__body(double 0xBFF921FB54442D18, double 0x3FF921FB54442D18, ptr nonnull inttoptr (i64 16 to ptr))
  tail call void @__quantum__qis__rzz__body(double 0x3FF921FB54442D18, ptr nonnull inttoptr (i64 5 to ptr), ptr nonnull inttoptr (i64 16 to ptr))
  tail call void @__quantum__qis__rz__body(double 0xBFF921FB54442D18, ptr nonnull inttoptr (i64 5 to ptr))
  tail call void @__quantum__qis__phasedx__body(double 0x3FF921FB54442D18, double 0x400921FB54442D18, ptr nonnull inttoptr (i64 16 to ptr))
  tail call void @__quantum__qis__rz__body(double 0xBFF921FB54442D18, ptr nonnull inttoptr (i64 16 to ptr))
  tail call void @__quantum__qis__phasedx__body(double 0xBFF921FB54442D18, double 0x3FF921FB54442D18, ptr nonnull inttoptr (i64 16 to ptr))
  tail call void @__quantum__qis__rzz__body(double 0x3FF921FB54442D18, ptr nonnull inttoptr (i64 8 to ptr), ptr nonnull inttoptr (i64 16 to ptr))
  tail call void @__quantum__qis__rz__body(double 0xBFF921FB54442D18, ptr nonnull inttoptr (i64 8 to ptr))
  tail call void @__quantum__qis__phasedx__body(double 0x3FF921FB54442D18, double 0x400921FB54442D18, ptr nonnull inttoptr (i64 16 to ptr))
  tail call void @__quantum__qis__rz__body(double 0xBFF921FB54442D18, ptr nonnull inttoptr (i64 16 to ptr))
  tail call void @__quantum__qis__phasedx__body(double 0xBFF921FB54442D18, double 0x3FF921FB54442D18, ptr nonnull inttoptr (i64 16 to ptr))
  tail call void @__quantum__qis__rzz__body(double 0x3FF921FB54442D18, ptr nonnull inttoptr (i64 9 to ptr), ptr nonnull inttoptr (i64 16 to ptr))
  tail call void @__quantum__qis__rz__body(double 0xBFF921FB54442D18, ptr nonnull inttoptr (i64 9 to ptr))
  tail call void @__quantum__qis__phasedx__body(double 0x3FF921FB54442D18, double 0x400921FB54442D18, ptr nonnull inttoptr (i64 16 to ptr))
  tail call void @__quantum__qis__rz__body(double 0xBFF921FB54442D18, ptr nonnull inttoptr (i64 16 to ptr))
  tail call void @__quantum__qis__mz__body(ptr nonnull inttoptr (i64 16 to ptr), ptr null)
  %0 = tail call i1 @__quantum__qis__read_result__body(ptr null)
  tail call void @__quantum__qis__phasedx__body(double 0xBFF921FB54442D18, double 0x3FF921FB54442D18, ptr nonnull inttoptr (i64 17 to ptr))
  tail call void @__quantum__qis__rzz__body(double 0x3FF921FB54442D18, ptr nonnull inttoptr (i64 6 to ptr), ptr nonnull inttoptr (i64 17 to ptr))
  tail call void @__quantum__qis__rz__body(double 0xBFF921FB54442D18, ptr nonnull inttoptr (i64 6 to ptr))
  tail call void @__quantum__qis__phasedx__body(double 0x3FF921FB54442D18, double 0x400921FB54442D18, ptr nonnull inttoptr (i64 17 to ptr))
  tail call void @__quantum__qis__rz__body(double 0xBFF921FB54442D18, ptr nonnull inttoptr (i64 17 to ptr))
  tail call void @__quantum__qis__phasedx__body(double 0xBFF921FB54442D18, double 0x3FF921FB54442D18, ptr nonnull inttoptr (i64 17 to ptr))
  tail call void @__quantum__qis__rzz__body(double 0x3FF921FB54442D18, ptr nonnull inttoptr (i64 7 to ptr), ptr nonnull inttoptr (i64 17 to ptr))
  tail call void @__quantum__qis__rz__body(double 0xBFF921FB54442D18, ptr nonnull inttoptr (i64 7 to ptr))
  tail call void @__quantum__qis__phasedx__body(double 0x3FF921FB54442D18, double 0x400921FB54442D18, ptr nonnull inttoptr (i64 17 to ptr))
  tail call void @__quantum__qis__rz__body(double 0xBFF921FB54442D18, ptr nonnull inttoptr (i64 17 to ptr))
  tail call void @__quantum__qis__phasedx__body(double 0xBFF921FB54442D18, double 0x3FF921FB54442D18, ptr nonnull inttoptr (i64 17 to ptr))
  tail call void @__quantum__qis__rzz__body(double 0x3FF921FB54442D18, ptr nonnull inttoptr (i64 10 to ptr), ptr nonnull inttoptr (i64 17 to ptr))
  tail call void @__quantum__qis__rz__body(double 0xBFF921FB54442D18, ptr nonnull inttoptr (i64 10 to ptr))
  tail call void @__quantum__qis__phasedx__body(double 0x3FF921FB54442D18, double 0x400921FB54442D18, ptr nonnull inttoptr (i64 17 to ptr))
  tail call void @__quantum__qis__rz__body(double 0xBFF921FB54442D18, ptr nonnull inttoptr (i64 17 to ptr))
  tail call void @__quantum__qis__phasedx__body(double 0xBFF921FB54442D18, double 0x3FF921FB54442D18, ptr nonnull inttoptr (i64 17 to ptr))
  tail call void @__quantum__qis__rzz__body(double 0x3FF921FB54442D18, ptr nonnull inttoptr (i64 11 to ptr), ptr nonnull inttoptr (i64 17 to ptr))
  tail call void @__quantum__qis__rz__body(double 0xBFF921FB54442D18, ptr nonnull inttoptr (i64 11 to ptr))
  tail call void @__quantum__qis__phasedx__body(double 0x3FF921FB54442D18, double 0x400921FB54442D18, ptr nonnull inttoptr (i64 17 to ptr))
  tail call void @__quantum__qis__rz__body(double 0xBFF921FB54442D18, ptr nonnull inttoptr (i64 17 to ptr))
  tail call void @__quantum__qis__mz__body(ptr nonnull inttoptr (i64 17 to ptr), ptr nonnull inttoptr (i64 1 to ptr))
  %1 = tail call i1 @__quantum__qis__read_result__body(ptr nonnull inttoptr (i64 1 to ptr))
  tail call void @__quantum__qis__phasedx__body(double 0xBFF921FB54442D18, double 0x3FF921FB54442D18, ptr nonnull inttoptr (i64 18 to ptr))
  tail call void @__quantum__qis__rzz__body(double 0x3FF921FB54442D18, ptr nonnull inttoptr (i64 12 to ptr), ptr nonnull inttoptr (i64 18 to ptr))
  tail call void @__quantum__qis__rz__body(double 0xBFF921FB54442D18, ptr nonnull inttoptr (i64 12 to ptr))
  tail call void @__quantum__qis__phasedx__body(double 0x3FF921FB54442D18, double 0x400921FB54442D18, ptr nonnull inttoptr (i64 18 to ptr))
  tail call void @__quantum__qis__rz__body(double 0xBFF921FB54442D18, ptr nonnull inttoptr (i64 18 to ptr))
  tail call void @__quantum__qis__phasedx__body(double 0xBFF921FB54442D18, double 0x3FF921FB54442D18, ptr nonnull inttoptr (i64 18 to ptr))
  tail call void @__quantum__qis__rzz__body(double 0x3FF921FB54442D18, ptr nonnull inttoptr (i64 13 to ptr), ptr nonnull inttoptr (i64 18 to ptr))
  tail call void @__quantum__qis__rz__body(double 0xBFF921FB54442D18, ptr nonnull inttoptr (i64 13 to ptr))
  tail call void @__quantum__qis__phasedx__body(double 0x3FF921FB54442D18, double 0x400921FB54442D18, ptr nonnull inttoptr (i64 18 to ptr))
  tail call void @__quantum__qis__rz__body(double 0xBFF921FB54442D18, ptr nonnull inttoptr (i64 18 to ptr))
  tail call void @__quantum__qis__phasedx__body(double 0xBFF921FB54442D18, double 0x3FF921FB54442D18, ptr nonnull inttoptr (i64 18 to ptr))
  tail call void @__quantum__qis__rzz__body(double 0x3FF921FB54442D18, ptr null, ptr nonnull inttoptr (i64 18 to ptr))
  tail call void @__quantum__qis__rz__body(double 0xBFF921FB54442D18, ptr null)
  tail call void @__quantum__qis__phasedx__body(double 0x3FF921FB54442D18, double 0x400921FB54442D18, ptr nonnull inttoptr (i64 18 to ptr))
  tail call void @__quantum__qis__rz__body(double 0xBFF921FB54442D18, ptr nonnull inttoptr (i64 18 to ptr))
  tail call void @__quantum__qis__phasedx__body(double 0xBFF921FB54442D18, double 0x3FF921FB54442D18, ptr nonnull inttoptr (i64 18 to ptr))
  tail call void @__quantum__qis__rzz__body(double 0x3FF921FB54442D18, ptr nonnull inttoptr (i64 1 to ptr), ptr nonnull inttoptr (i64 18 to ptr))
  tail call void @__quantum__qis__rz__body(double 0xBFF921FB54442D18, ptr nonnull inttoptr (i64 1 to ptr))
  tail call void @__quantum__qis__phasedx__body(double 0x3FF921FB54442D18, double 0x400921FB54442D18, ptr nonnull inttoptr (i64 18 to ptr))
  tail call void @__quantum__qis__rz__body(double 0xBFF921FB54442D18, ptr nonnull inttoptr (i64 18 to ptr))
  tail call void @__quantum__qis__mz__body(ptr nonnull inttoptr (i64 18 to ptr), ptr nonnull inttoptr (i64 2 to ptr))
  %2 = tail call i1 @__quantum__qis__read_result__body(ptr nonnull inttoptr (i64 2 to ptr))
  tail call void @__quantum__qis__phasedx__body(double 0xBFF921FB54442D18, double 0x3FF921FB54442D18, ptr nonnull inttoptr (i64 19 to ptr))
  tail call void @__quantum__qis__rzz__body(double 0x3FF921FB54442D18, ptr nonnull inttoptr (i64 14 to ptr), ptr nonnull inttoptr (i64 19 to ptr))
  tail call void @__quantum__qis__rz__body(double 0xBFF921FB54442D18, ptr nonnull inttoptr (i64 14 to ptr))
  tail call void @__quantum__qis__phasedx__body(double 0x3FF921FB54442D18, double 0x400921FB54442D18, ptr nonnull inttoptr (i64 19 to ptr))
  tail call void @__quantum__qis__rz__body(double 0xBFF921FB54442D18, ptr nonnull inttoptr (i64 19 to ptr))
  tail call void @__quantum__qis__phasedx__body(double 0xBFF921FB54442D18, double 0x3FF921FB54442D18, ptr nonnull inttoptr (i64 19 to ptr))
  tail call void @__quantum__qis__rzz__body(double 0x3FF921FB54442D18, ptr nonnull inttoptr (i64 15 to ptr), ptr nonnull inttoptr (i64 19 to ptr))
  tail call void @__quantum__qis__rz__body(double 0xBFF921FB54442D18, ptr nonnull inttoptr (i64 15 to ptr))
  tail call void @__quantum__qis__phasedx__body(double 0x3FF921FB54442D18, double 0x400921FB54442D18, ptr nonnull inttoptr (i64 19 to ptr))
  tail call void @__quantum__qis__rz__body(double 0xBFF921FB54442D18, ptr nonnull inttoptr (i64 19 to ptr))
  tail call void @__quantum__qis__phasedx__body(double 0xBFF921FB54442D18, double 0x3FF921FB54442D18, ptr nonnull inttoptr (i64 19 to ptr))
  tail call void @__quantum__qis__rzz__body(double 0x3FF921FB54442D18, ptr nonnull inttoptr (i64 2 to ptr), ptr nonnull inttoptr (i64 19 to ptr))
  tail call void @__quantum__qis__rz__body(double 0xBFF921FB54442D18, ptr nonnull inttoptr (i64 2 to ptr))
  tail call void @__quantum__qis__phasedx__body(double 0x3FF921FB54442D18, double 0x400921FB54442D18, ptr nonnull inttoptr (i64 19 to ptr))
  tail call void @__quantum__qis__rz__body(double 0xBFF921FB54442D18, ptr nonnull inttoptr (i64 19 to ptr))
  tail call void @__quantum__qis__phasedx__body(double 0xBFF921FB54442D18, double 0x3FF921FB54442D18, ptr nonnull inttoptr (i64 19 to ptr))
  tail call void @__quantum__qis__rzz__body(double 0x3FF921FB54442D18, ptr nonnull inttoptr (i64 3 to ptr), ptr nonnull inttoptr (i64 19 to ptr))
  tail call void @__quantum__qis__rz__body(double 0xBFF921FB54442D18, ptr nonnull inttoptr (i64 3 to ptr))
  tail call void @__quantum__qis__phasedx__body(double 0x3FF921FB54442D18, double 0x400921FB54442D18, ptr nonnull inttoptr (i64 19 to ptr))
  tail call void @__quantum__qis__rz__body(double 0xBFF921FB54442D18, ptr nonnull inttoptr (i64 19 to ptr))
  tail call void @__quantum__qis__mz__body(ptr nonnull inttoptr (i64 19 to ptr), ptr nonnull inttoptr (i64 3 to ptr))
  %3 = tail call i1 @__quantum__qis__read_result__body(ptr nonnull inttoptr (i64 3 to ptr))
  %"2706_0.0" = select i1 %0, i64 8, i64 0
  %"2741_0.0" = select i1 %1, i64 4, i64 0
  %"2776_0.0" = select i1 %2, i64 2, i64 0
  %"2811_0.0" = zext i1 %3 to i64
  %4 = or i64 %"2741_0.0", %"2706_0.0"
  %5 = or i64 %4, %"2776_0.0"
  %6 = or i64 %5, %"2811_0.0"
  tail call void @__quantum__qis__phasedx__body(double 0x3FF921FB54442D18, double 0xBFF921FB54442D18, ptr nonnull inttoptr (i64 3 to ptr))
  tail call void @__quantum__qis__rz__body(double 0x400921FB54442D18, ptr nonnull inttoptr (i64 3 to ptr))
  tail call void @__quantum__qis__phasedx__body(double 0x3FF921FB54442D18, double 0xBFF921FB54442D18, ptr nonnull inttoptr (i64 2 to ptr))
  tail call void @__quantum__qis__rz__body(double 0x400921FB54442D18, ptr nonnull inttoptr (i64 2 to ptr))
  tail call void @__quantum__qis__phasedx__body(double 0x3FF921FB54442D18, double 0xBFF921FB54442D18, ptr nonnull inttoptr (i64 15 to ptr))
  tail call void @__quantum__qis__rz__body(double 0x400921FB54442D18, ptr nonnull inttoptr (i64 15 to ptr))
  tail call void @__quantum__qis__phasedx__body(double 0x3FF921FB54442D18, double 0xBFF921FB54442D18, ptr nonnull inttoptr (i64 14 to ptr))
  tail call void @__quantum__qis__rz__body(double 0x400921FB54442D18, ptr nonnull inttoptr (i64 14 to ptr))
  tail call void @__quantum__qis__phasedx__body(double 0x3FF921FB54442D18, double 0xBFF921FB54442D18, ptr nonnull inttoptr (i64 1 to ptr))
  tail call void @__quantum__qis__rz__body(double 0x400921FB54442D18, ptr nonnull inttoptr (i64 1 to ptr))
  tail call void @__quantum__qis__phasedx__body(double 0x3FF921FB54442D18, double 0xBFF921FB54442D18, ptr null)
  tail call void @__quantum__qis__rz__body(double 0x400921FB54442D18, ptr null)
  br i1 %2, label %bb, label %cond_exit_3153

bb:                                               ; preds = %alloca_block
  tail call void @__quantum__qis__rz__body(double 0x400921FB54442D18, ptr null)
  br label %cond_exit_3153

cond_exit_3153:                                   ; preds = %bb, %alloca_block
  tail call void @__quantum__qis__phasedx__body(double 0x3FF921FB54442D18, double 0xBFF921FB54442D18, ptr null)
  tail call void @__quantum__qis__rz__body(double 0x400921FB54442D18, ptr null)
  tail call void @__quantum__qis__phasedx__body(double 0x3FF921FB54442D18, double 0xBFF921FB54442D18, ptr nonnull inttoptr (i64 1 to ptr))
  tail call void @__quantum__qis__rz__body(double 0x400921FB54442D18, ptr nonnull inttoptr (i64 1 to ptr))
  br i1 %3, label %bb0, label %cond_3567_case_0

cond_3567_case_0:                                 ; preds = %bb0, %cond_exit_3153
  tail call void @__quantum__qis__phasedx__body(double 0x3FF921FB54442D18, double 0xBFF921FB54442D18, ptr nonnull inttoptr (i64 2 to ptr))
  tail call void @__quantum__qis__rz__body(double 0x400921FB54442D18, ptr nonnull inttoptr (i64 2 to ptr))
  tail call void @__quantum__qis__phasedx__body(double 0x3FF921FB54442D18, double 0xBFF921FB54442D18, ptr nonnull inttoptr (i64 3 to ptr))
  tail call void @__quantum__qis__rz__body(double 0x400921FB54442D18, ptr nonnull inttoptr (i64 3 to ptr))
  tail call void @__quantum__qis__phasedx__body(double 0x3FF921FB54442D18, double 0xBFF921FB54442D18, ptr nonnull inttoptr (i64 13 to ptr))
  tail call void @__quantum__qis__rz__body(double 0x400921FB54442D18, ptr nonnull inttoptr (i64 13 to ptr))
  tail call void @__quantum__qis__phasedx__body(double 0x3FF921FB54442D18, double 0xBFF921FB54442D18, ptr nonnull inttoptr (i64 12 to ptr))
  tail call void @__quantum__qis__rz__body(double 0x400921FB54442D18, ptr nonnull inttoptr (i64 12 to ptr))
  tail call void @__quantum__qis__phasedx__body(double 0x3FF921FB54442D18, double 0xBFF921FB54442D18, ptr nonnull inttoptr (i64 11 to ptr))
  tail call void @__quantum__qis__rz__body(double 0x400921FB54442D18, ptr nonnull inttoptr (i64 11 to ptr))
  tail call void @__quantum__qis__phasedx__body(double 0x3FF921FB54442D18, double 0xBFF921FB54442D18, ptr nonnull inttoptr (i64 10 to ptr))
  tail call void @__quantum__qis__rz__body(double 0x400921FB54442D18, ptr nonnull inttoptr (i64 10 to ptr))
  tail call void @__quantum__qis__phasedx__body(double 0x3FF921FB54442D18, double 0xBFF921FB54442D18, ptr nonnull inttoptr (i64 7 to ptr))
  tail call void @__quantum__qis__rz__body(double 0x400921FB54442D18, ptr nonnull inttoptr (i64 7 to ptr))
  tail call void @__quantum__qis__phasedx__body(double 0x3FF921FB54442D18, double 0xBFF921FB54442D18, ptr nonnull inttoptr (i64 6 to ptr))
  tail call void @__quantum__qis__rz__body(double 0x400921FB54442D18, ptr nonnull inttoptr (i64 6 to ptr))
  tail call void @__quantum__qis__phasedx__body(double 0x3FF921FB54442D18, double 0xBFF921FB54442D18, ptr nonnull inttoptr (i64 9 to ptr))
  tail call void @__quantum__qis__rz__body(double 0x400921FB54442D18, ptr nonnull inttoptr (i64 9 to ptr))
  tail call void @__quantum__qis__phasedx__body(double 0x3FF921FB54442D18, double 0xBFF921FB54442D18, ptr nonnull inttoptr (i64 8 to ptr))
  tail call void @__quantum__qis__rz__body(double 0x400921FB54442D18, ptr nonnull inttoptr (i64 8 to ptr))
  tail call void @__quantum__qis__phasedx__body(double 0x3FF921FB54442D18, double 0xBFF921FB54442D18, ptr nonnull inttoptr (i64 5 to ptr))
  tail call void @__quantum__qis__rz__body(double 0x400921FB54442D18, ptr nonnull inttoptr (i64 5 to ptr))
  tail call void @__quantum__qis__phasedx__body(double 0x3FF921FB54442D18, double 0xBFF921FB54442D18, ptr nonnull inttoptr (i64 4 to ptr))
  tail call void @__quantum__qis__rz__body(double 0x400921FB54442D18, ptr nonnull inttoptr (i64 4 to ptr))
  tail call void @__quantum__qis__phasedx__body(double 0x3FF921FB54442D18, double 0xBFF921FB54442D18, ptr nonnull inttoptr (i64 4 to ptr))
  tail call void @__quantum__qis__rz__body(double 0x400921FB54442D18, ptr nonnull inttoptr (i64 4 to ptr))
  tail call void @__quantum__qis__phasedx__body(double 0x3FF921FB54442D18, double 0xBFF921FB54442D18, ptr nonnull inttoptr (i64 5 to ptr))
  tail call void @__quantum__qis__rz__body(double 0x400921FB54442D18, ptr nonnull inttoptr (i64 5 to ptr))
  tail call void @__quantum__qis__phasedx__body(double 0x3FF921FB54442D18, double 0xBFF921FB54442D18, ptr nonnull inttoptr (i64 6 to ptr))
  tail call void @__quantum__qis__rz__body(double 0x400921FB54442D18, ptr nonnull inttoptr (i64 6 to ptr))
  tail call void @__quantum__qis__phasedx__body(double 0x3FF921FB54442D18, double 0xBFF921FB54442D18, ptr nonnull inttoptr (i64 7 to ptr))
  tail call void @__quantum__qis__rz__body(double 0x400921FB54442D18, ptr nonnull inttoptr (i64 7 to ptr))
  br i1 %0, label %bb1, label %cond_exit_4625

bb0:                                              ; preds = %cond_exit_3153
  tail call void @__quantum__qis__rz__body(double 0x400921FB54442D18, ptr nonnull inttoptr (i64 2 to ptr))
  br label %cond_3567_case_0

bb1:                                              ; preds = %cond_3567_case_0
  tail call void @__quantum__qis__rz__body(double 0x400921FB54442D18, ptr nonnull inttoptr (i64 8 to ptr))
  br label %cond_exit_4625

cond_exit_4625:                                   ; preds = %bb1, %cond_3567_case_0
  tail call void @__quantum__qis__phasedx__body(double 0x3FF921FB54442D18, double 0xBFF921FB54442D18, ptr nonnull inttoptr (i64 8 to ptr))
  tail call void @__quantum__qis__rz__body(double 0x400921FB54442D18, ptr nonnull inttoptr (i64 8 to ptr))
  tail call void @__quantum__qis__phasedx__body(double 0x3FF921FB54442D18, double 0xBFF921FB54442D18, ptr nonnull inttoptr (i64 9 to ptr))
  tail call void @__quantum__qis__rz__body(double 0x400921FB54442D18, ptr nonnull inttoptr (i64 9 to ptr))
  br i1 %1, label %bb2, label %cond_exit_4993

bb2:                                              ; preds = %cond_exit_4625
  tail call void @__quantum__qis__rz__body(double 0x400921FB54442D18, ptr nonnull inttoptr (i64 10 to ptr))
  br label %cond_exit_4993

cond_exit_4993:                                   ; preds = %bb2, %cond_exit_4625
  tail call void @__quantum__qis__phasedx__body(double 0x3FF921FB54442D18, double 0xBFF921FB54442D18, ptr nonnull inttoptr (i64 10 to ptr))
  tail call void @__quantum__qis__rz__body(double 0x400921FB54442D18, ptr nonnull inttoptr (i64 10 to ptr))
  tail call void @__quantum__qis__phasedx__body(double 0x3FF921FB54442D18, double 0xBFF921FB54442D18, ptr nonnull inttoptr (i64 11 to ptr))
  tail call void @__quantum__qis__rz__body(double 0x400921FB54442D18, ptr nonnull inttoptr (i64 11 to ptr))
  tail call void @__quantum__qis__phasedx__body(double 0x3FF921FB54442D18, double 0xBFF921FB54442D18, ptr nonnull inttoptr (i64 12 to ptr))
  tail call void @__quantum__qis__rz__body(double 0x400921FB54442D18, ptr nonnull inttoptr (i64 12 to ptr))
  tail call void @__quantum__qis__phasedx__body(double 0x3FF921FB54442D18, double 0xBFF921FB54442D18, ptr nonnull inttoptr (i64 13 to ptr))
  tail call void @__quantum__qis__rz__body(double 0x400921FB54442D18, ptr nonnull inttoptr (i64 13 to ptr))
  tail call void @__quantum__qis__phasedx__body(double 0x3FF921FB54442D18, double 0xBFF921FB54442D18, ptr nonnull inttoptr (i64 14 to ptr))
  tail call void @__quantum__qis__rz__body(double 0x400921FB54442D18, ptr nonnull inttoptr (i64 14 to ptr))
  tail call void @__quantum__qis__phasedx__body(double 0x3FF921FB54442D18, double 0xBFF921FB54442D18, ptr nonnull inttoptr (i64 15 to ptr))
  tail call void @__quantum__qis__rz__body(double 0x400921FB54442D18, ptr nonnull inttoptr (i64 15 to ptr))
  tail call void @__quantum__qis__phasedx__body(double 0xBFF921FB54442D18, double 0x3FF921FB54442D18, ptr nonnull inttoptr (i64 20 to ptr))
  tail call void @__quantum__qis__rzz__body(double 0x3FF921FB54442D18, ptr nonnull inttoptr (i64 1 to ptr), ptr nonnull inttoptr (i64 20 to ptr))
  tail call void @__quantum__qis__rz__body(double 0xBFF921FB54442D18, ptr nonnull inttoptr (i64 1 to ptr))
  tail call void @__quantum__qis__phasedx__body(double 0x3FF921FB54442D18, double 0x400921FB54442D18, ptr nonnull inttoptr (i64 20 to ptr))
  tail call void @__quantum__qis__rz__body(double 0xBFF921FB54442D18, ptr nonnull inttoptr (i64 20 to ptr))
  tail call void @__quantum__qis__phasedx__body(double 0xBFF921FB54442D18, double 0x3FF921FB54442D18, ptr nonnull inttoptr (i64 20 to ptr))
  tail call void @__quantum__qis__rzz__body(double 0x3FF921FB54442D18, ptr nonnull inttoptr (i64 2 to ptr), ptr nonnull inttoptr (i64 20 to ptr))
  tail call void @__quantum__qis__rz__body(double 0xBFF921FB54442D18, ptr nonnull inttoptr (i64 2 to ptr))
  tail call void @__quantum__qis__phasedx__body(double 0x3FF921FB54442D18, double 0x400921FB54442D18, ptr nonnull inttoptr (i64 20 to ptr))
  tail call void @__quantum__qis__rz__body(double 0xBFF921FB54442D18, ptr nonnull inttoptr (i64 20 to ptr))
  tail call void @__quantum__qis__phasedx__body(double 0xBFF921FB54442D18, double 0x3FF921FB54442D18, ptr nonnull inttoptr (i64 20 to ptr))
  tail call void @__quantum__qis__rzz__body(double 0x3FF921FB54442D18, ptr nonnull inttoptr (i64 5 to ptr), ptr nonnull inttoptr (i64 20 to ptr))
  tail call void @__quantum__qis__rz__body(double 0xBFF921FB54442D18, ptr nonnull inttoptr (i64 5 to ptr))
  tail call void @__quantum__qis__phasedx__body(double 0x3FF921FB54442D18, double 0x400921FB54442D18, ptr nonnull inttoptr (i64 20 to ptr))
  tail call void @__quantum__qis__rz__body(double 0xBFF921FB54442D18, ptr nonnull inttoptr (i64 20 to ptr))
  tail call void @__quantum__qis__phasedx__body(double 0xBFF921FB54442D18, double 0x3FF921FB54442D18, ptr nonnull inttoptr (i64 20 to ptr))
  tail call void @__quantum__qis__rzz__body(double 0x3FF921FB54442D18, ptr nonnull inttoptr (i64 6 to ptr), ptr nonnull inttoptr (i64 20 to ptr))
  tail call void @__quantum__qis__rz__body(double 0xBFF921FB54442D18, ptr nonnull inttoptr (i64 6 to ptr))
  tail call void @__quantum__qis__phasedx__body(double 0x3FF921FB54442D18, double 0x400921FB54442D18, ptr nonnull inttoptr (i64 20 to ptr))
  tail call void @__quantum__qis__rz__body(double 0xBFF921FB54442D18, ptr nonnull inttoptr (i64 20 to ptr))
  tail call void @__quantum__qis__mz__body(ptr nonnull inttoptr (i64 20 to ptr), ptr nonnull inttoptr (i64 4 to ptr))
  %7 = tail call i1 @__quantum__qis__read_result__body(ptr nonnull inttoptr (i64 4 to ptr))
  tail call void @__quantum__qis__phasedx__body(double 0xBFF921FB54442D18, double 0x3FF921FB54442D18, ptr nonnull inttoptr (i64 21 to ptr))
  tail call void @__quantum__qis__rzz__body(double 0x3FF921FB54442D18, ptr nonnull inttoptr (i64 3 to ptr), ptr nonnull inttoptr (i64 21 to ptr))
  tail call void @__quantum__qis__rz__body(double 0xBFF921FB54442D18, ptr nonnull inttoptr (i64 3 to ptr))
  tail call void @__quantum__qis__phasedx__body(double 0x3FF921FB54442D18, double 0x400921FB54442D18, ptr nonnull inttoptr (i64 21 to ptr))
  tail call void @__quantum__qis__rz__body(double 0xBFF921FB54442D18, ptr nonnull inttoptr (i64 21 to ptr))
  tail call void @__quantum__qis__phasedx__body(double 0xBFF921FB54442D18, double 0x3FF921FB54442D18, ptr nonnull inttoptr (i64 21 to ptr))
  tail call void @__quantum__qis__rzz__body(double 0x3FF921FB54442D18, ptr null, ptr nonnull inttoptr (i64 21 to ptr))
  tail call void @__quantum__qis__rz__body(double 0xBFF921FB54442D18, ptr null)
  tail call void @__quantum__qis__phasedx__body(double 0x3FF921FB54442D18, double 0x400921FB54442D18, ptr nonnull inttoptr (i64 21 to ptr))
  tail call void @__quantum__qis__rz__body(double 0xBFF921FB54442D18, ptr nonnull inttoptr (i64 21 to ptr))
  tail call void @__quantum__qis__phasedx__body(double 0xBFF921FB54442D18, double 0x3FF921FB54442D18, ptr nonnull inttoptr (i64 21 to ptr))
  tail call void @__quantum__qis__rzz__body(double 0x3FF921FB54442D18, ptr nonnull inttoptr (i64 7 to ptr), ptr nonnull inttoptr (i64 21 to ptr))
  tail call void @__quantum__qis__rz__body(double 0xBFF921FB54442D18, ptr nonnull inttoptr (i64 7 to ptr))
  tail call void @__quantum__qis__phasedx__body(double 0x3FF921FB54442D18, double 0x400921FB54442D18, ptr nonnull inttoptr (i64 21 to ptr))
  tail call void @__quantum__qis__rz__body(double 0xBFF921FB54442D18, ptr nonnull inttoptr (i64 21 to ptr))
  tail call void @__quantum__qis__phasedx__body(double 0xBFF921FB54442D18, double 0x3FF921FB54442D18, ptr nonnull inttoptr (i64 21 to ptr))
  tail call void @__quantum__qis__rzz__body(double 0x3FF921FB54442D18, ptr nonnull inttoptr (i64 4 to ptr), ptr nonnull inttoptr (i64 21 to ptr))
  tail call void @__quantum__qis__rz__body(double 0xBFF921FB54442D18, ptr nonnull inttoptr (i64 4 to ptr))
  tail call void @__quantum__qis__phasedx__body(double 0x3FF921FB54442D18, double 0x400921FB54442D18, ptr nonnull inttoptr (i64 21 to ptr))
  tail call void @__quantum__qis__rz__body(double 0xBFF921FB54442D18, ptr nonnull inttoptr (i64 21 to ptr))
  tail call void @__quantum__qis__mz__body(ptr nonnull inttoptr (i64 21 to ptr), ptr nonnull inttoptr (i64 5 to ptr))
  %8 = tail call i1 @__quantum__qis__read_result__body(ptr nonnull inttoptr (i64 5 to ptr))
  tail call void @__quantum__qis__phasedx__body(double 0xBFF921FB54442D18, double 0x3FF921FB54442D18, ptr nonnull inttoptr (i64 22 to ptr))
  tail call void @__quantum__qis__rzz__body(double 0x3FF921FB54442D18, ptr nonnull inttoptr (i64 9 to ptr), ptr nonnull inttoptr (i64 22 to ptr))
  tail call void @__quantum__qis__rz__body(double 0xBFF921FB54442D18, ptr nonnull inttoptr (i64 9 to ptr))
  tail call void @__quantum__qis__phasedx__body(double 0x3FF921FB54442D18, double 0x400921FB54442D18, ptr nonnull inttoptr (i64 22 to ptr))
  tail call void @__quantum__qis__rz__body(double 0xBFF921FB54442D18, ptr nonnull inttoptr (i64 22 to ptr))
  tail call void @__quantum__qis__phasedx__body(double 0xBFF921FB54442D18, double 0x3FF921FB54442D18, ptr nonnull inttoptr (i64 22 to ptr))
  tail call void @__quantum__qis__rzz__body(double 0x3FF921FB54442D18, ptr nonnull inttoptr (i64 10 to ptr), ptr nonnull inttoptr (i64 22 to ptr))
  tail call void @__quantum__qis__rz__body(double 0xBFF921FB54442D18, ptr nonnull inttoptr (i64 10 to ptr))
  tail call void @__quantum__qis__phasedx__body(double 0x3FF921FB54442D18, double 0x400921FB54442D18, ptr nonnull inttoptr (i64 22 to ptr))
  tail call void @__quantum__qis__rz__body(double 0xBFF921FB54442D18, ptr nonnull inttoptr (i64 22 to ptr))
  tail call void @__quantum__qis__phasedx__body(double 0xBFF921FB54442D18, double 0x3FF921FB54442D18, ptr nonnull inttoptr (i64 22 to ptr))
  tail call void @__quantum__qis__rzz__body(double 0x3FF921FB54442D18, ptr nonnull inttoptr (i64 13 to ptr), ptr nonnull inttoptr (i64 22 to ptr))
  tail call void @__quantum__qis__rz__body(double 0xBFF921FB54442D18, ptr nonnull inttoptr (i64 13 to ptr))
  tail call void @__quantum__qis__phasedx__body(double 0x3FF921FB54442D18, double 0x400921FB54442D18, ptr nonnull inttoptr (i64 22 to ptr))
  tail call void @__quantum__qis__rz__body(double 0xBFF921FB54442D18, ptr nonnull inttoptr (i64 22 to ptr))
  tail call void @__quantum__qis__phasedx__body(double 0xBFF921FB54442D18, double 0x3FF921FB54442D18, ptr nonnull inttoptr (i64 22 to ptr))
  tail call void @__quantum__qis__rzz__body(double 0x3FF921FB54442D18, ptr nonnull inttoptr (i64 14 to ptr), ptr nonnull inttoptr (i64 22 to ptr))
  tail call void @__quantum__qis__rz__body(double 0xBFF921FB54442D18, ptr nonnull inttoptr (i64 14 to ptr))
  tail call void @__quantum__qis__phasedx__body(double 0x3FF921FB54442D18, double 0x400921FB54442D18, ptr nonnull inttoptr (i64 22 to ptr))
  tail call void @__quantum__qis__rz__body(double 0xBFF921FB54442D18, ptr nonnull inttoptr (i64 22 to ptr))
  tail call void @__quantum__qis__mz__body(ptr nonnull inttoptr (i64 22 to ptr), ptr nonnull inttoptr (i64 6 to ptr))
  %9 = tail call i1 @__quantum__qis__read_result__body(ptr nonnull inttoptr (i64 6 to ptr))
  tail call void @__quantum__qis__phasedx__body(double 0xBFF921FB54442D18, double 0x3FF921FB54442D18, ptr nonnull inttoptr (i64 23 to ptr))
  tail call void @__quantum__qis__rzz__body(double 0x3FF921FB54442D18, ptr nonnull inttoptr (i64 11 to ptr), ptr nonnull inttoptr (i64 23 to ptr))
  tail call void @__quantum__qis__rz__body(double 0xBFF921FB54442D18, ptr nonnull inttoptr (i64 11 to ptr))
  tail call void @__quantum__qis__phasedx__body(double 0x3FF921FB54442D18, double 0x400921FB54442D18, ptr nonnull inttoptr (i64 23 to ptr))
  tail call void @__quantum__qis__rz__body(double 0xBFF921FB54442D18, ptr nonnull inttoptr (i64 23 to ptr))
  tail call void @__quantum__qis__phasedx__body(double 0xBFF921FB54442D18, double 0x3FF921FB54442D18, ptr nonnull inttoptr (i64 23 to ptr))
  tail call void @__quantum__qis__rzz__body(double 0x3FF921FB54442D18, ptr nonnull inttoptr (i64 8 to ptr), ptr nonnull inttoptr (i64 23 to ptr))
  tail call void @__quantum__qis__rz__body(double 0xBFF921FB54442D18, ptr nonnull inttoptr (i64 8 to ptr))
  tail call void @__quantum__qis__phasedx__body(double 0x3FF921FB54442D18, double 0x400921FB54442D18, ptr nonnull inttoptr (i64 23 to ptr))
  tail call void @__quantum__qis__rz__body(double 0xBFF921FB54442D18, ptr nonnull inttoptr (i64 23 to ptr))
  tail call void @__quantum__qis__phasedx__body(double 0xBFF921FB54442D18, double 0x3FF921FB54442D18, ptr nonnull inttoptr (i64 23 to ptr))
  tail call void @__quantum__qis__rzz__body(double 0x3FF921FB54442D18, ptr nonnull inttoptr (i64 15 to ptr), ptr nonnull inttoptr (i64 23 to ptr))
  tail call void @__quantum__qis__rz__body(double 0xBFF921FB54442D18, ptr nonnull inttoptr (i64 15 to ptr))
  tail call void @__quantum__qis__phasedx__body(double 0x3FF921FB54442D18, double 0x400921FB54442D18, ptr nonnull inttoptr (i64 23 to ptr))
  tail call void @__quantum__qis__rz__body(double 0xBFF921FB54442D18, ptr nonnull inttoptr (i64 23 to ptr))
  tail call void @__quantum__qis__phasedx__body(double 0xBFF921FB54442D18, double 0x3FF921FB54442D18, ptr nonnull inttoptr (i64 23 to ptr))
  tail call void @__quantum__qis__rzz__body(double 0x3FF921FB54442D18, ptr nonnull inttoptr (i64 12 to ptr), ptr nonnull inttoptr (i64 23 to ptr))
  tail call void @__quantum__qis__rz__body(double 0xBFF921FB54442D18, ptr nonnull inttoptr (i64 12 to ptr))
  tail call void @__quantum__qis__phasedx__body(double 0x3FF921FB54442D18, double 0x400921FB54442D18, ptr nonnull inttoptr (i64 23 to ptr))
  tail call void @__quantum__qis__rz__body(double 0xBFF921FB54442D18, ptr nonnull inttoptr (i64 23 to ptr))
  tail call void @__quantum__qis__mz__body(ptr nonnull inttoptr (i64 23 to ptr), ptr nonnull inttoptr (i64 7 to ptr))
  %10 = tail call i1 @__quantum__qis__read_result__body(ptr nonnull inttoptr (i64 7 to ptr))
  %"6587_0.0" = select i1 %7, i64 8, i64 0
  %"6622_0.0" = select i1 %8, i64 4, i64 0
  %"6657_0.0" = select i1 %9, i64 2, i64 0
  %"6692_0.0" = zext i1 %10 to i64
  %11 = or i64 %"6622_0.0", %"6587_0.0"
  %12 = or i64 %11, %"6657_0.0"
  %13 = or i64 %12, %"6692_0.0"
  %"05733.0" = select i1 %7, i64 1, i64 -1
  %"05776.0" = select i1 %8, i64 2, i64 -1
  %"05819.0" = select i1 %9, i64 4, i64 -1
  %"05862.0" = select i1 %10, i64 8, i64 -1
  %14 = add nsw i64 %"05776.0", %"05733.0"
  %15 = add nsw i64 %14, %"05819.0"
  %16 = add nsw i64 %15, %"05862.0"
  %Pivot12891 = icmp slt i64 %16, 9
  br i1 %Pivot12891, label %NodeBlock12878, label %NodeBlock12888

NodeBlock12888:                                   ; preds = %cond_exit_4993
  %Pivot12889 = icmp ult i64 %16, 12
  br i1 %Pivot12889, label %NodeBlock12882, label %NodeBlock12886

NodeBlock12886:                                   ; preds = %NodeBlock12888
  %Pivot12887 = icmp ult i64 %16, 15
  br i1 %Pivot12887, label %LeafBlock12884, label %cond_7219_case_0

LeafBlock12884:                                   ; preds = %NodeBlock12886
  %SwitchLeaf12885 = icmp eq i64 %16, 12
  br i1 %SwitchLeaf12885, label %cond_7219_case_0, label %cond_7219_case_0.fold.split12873

NodeBlock12882:                                   ; preds = %NodeBlock12888
  %Pivot12883 = icmp ult i64 %16, 10
  br i1 %Pivot12883, label %cond_7219_case_0, label %LeafBlock12880

LeafBlock12880:                                   ; preds = %NodeBlock12882
  %SwitchLeaf12881 = icmp eq i64 %16, 10
  br i1 %SwitchLeaf12881, label %cond_7219_case_0, label %cond_7219_case_0.fold.split12873

NodeBlock12878:                                   ; preds = %cond_exit_4993
  %Pivot12879 = icmp slt i64 %16, 5
  br i1 %Pivot12879, label %LeafBlock, label %NodeBlock12924

NodeBlock12924:                                   ; preds = %NodeBlock12878
  %Pivot = icmp slt i64 %16, 6
  br i1 %Pivot, label %cond_7219_case_0, label %LeafBlock12922

LeafBlock12922:                                   ; preds = %NodeBlock12924
  %SwitchLeaf12923 = icmp eq i64 %16, 6
  br i1 %SwitchLeaf12923, label %cond_7219_case_0, label %cond_7219_case_0.fold.split12873

LeafBlock:                                        ; preds = %NodeBlock12878
  %SwitchLeaf = icmp eq i64 %16, 3
  br i1 %SwitchLeaf, label %cond_7219_case_0, label %cond_7219_case_0.fold.split12873

cond_7219_case_0.fold.split12873:                 ; preds = %LeafBlock12922, %LeafBlock, %LeafBlock12880, %LeafBlock12884
  br label %cond_7219_case_0

cond_7219_case_0:                                 ; preds = %LeafBlock12922, %cond_7219_case_0.fold.split12873, %LeafBlock, %NodeBlock12924, %LeafBlock12880, %NodeBlock12882, %LeafBlock12884, %NodeBlock12886
  %17 = phi i1 [ false, %LeafBlock12884 ], [ false, %cond_7219_case_0.fold.split12873 ], [ false, %LeafBlock12880 ], [ false, %NodeBlock12882 ], [ false, %NodeBlock12924 ], [ false, %LeafBlock ], [ true, %NodeBlock12886 ], [ false, %LeafBlock12922 ]
  %18 = phi i1 [ false, %LeafBlock12884 ], [ false, %cond_7219_case_0.fold.split12873 ], [ false, %LeafBlock12880 ], [ true, %NodeBlock12882 ], [ false, %NodeBlock12924 ], [ false, %LeafBlock ], [ false, %NodeBlock12886 ], [ false, %LeafBlock12922 ]
  %Pivot12909 = phi i1 [ false, %LeafBlock12884 ], [ true, %cond_7219_case_0.fold.split12873 ], [ false, %LeafBlock12880 ], [ false, %NodeBlock12882 ], [ false, %NodeBlock12924 ], [ true, %LeafBlock ], [ true, %NodeBlock12886 ], [ false, %LeafBlock12922 ]
  %Pivot12907 = phi i1 [ false, %LeafBlock12884 ], [ true, %cond_7219_case_0.fold.split12873 ], [ true, %LeafBlock12880 ], [ false, %NodeBlock12882 ], [ false, %NodeBlock12924 ], [ true, %LeafBlock ], [ true, %NodeBlock12886 ], [ false, %LeafBlock12922 ]
  %SwitchLeaf12905 = phi i1 [ false, %LeafBlock12884 ], [ false, %cond_7219_case_0.fold.split12873 ], [ false, %LeafBlock12880 ], [ false, %NodeBlock12882 ], [ true, %NodeBlock12924 ], [ false, %LeafBlock ], [ false, %NodeBlock12886 ], [ false, %LeafBlock12922 ]
  %Pivot12916 = phi i1 [ true, %LeafBlock12884 ], [ true, %cond_7219_case_0.fold.split12873 ], [ true, %LeafBlock12880 ], [ false, %NodeBlock12882 ], [ true, %NodeBlock12924 ], [ true, %LeafBlock ], [ true, %NodeBlock12886 ], [ false, %LeafBlock12922 ]
  %19 = phi i1 [ false, %LeafBlock12884 ], [ false, %cond_7219_case_0.fold.split12873 ], [ false, %LeafBlock12880 ], [ false, %NodeBlock12882 ], [ false, %NodeBlock12924 ], [ false, %LeafBlock ], [ false, %NodeBlock12886 ], [ true, %LeafBlock12922 ]
  %20 = phi i1 [ false, %LeafBlock12884 ], [ false, %cond_7219_case_0.fold.split12873 ], [ false, %LeafBlock12880 ], [ true, %NodeBlock12882 ], [ false, %NodeBlock12924 ], [ false, %LeafBlock ], [ true, %NodeBlock12886 ], [ false, %LeafBlock12922 ]
  %21 = phi i1 [ true, %LeafBlock12884 ], [ false, %cond_7219_case_0.fold.split12873 ], [ false, %LeafBlock12880 ], [ false, %NodeBlock12882 ], [ false, %NodeBlock12924 ], [ false, %LeafBlock ], [ false, %NodeBlock12886 ], [ false, %LeafBlock12922 ]
  %Pivot12900 = phi i1 [ false, %LeafBlock12884 ], [ true, %cond_7219_case_0.fold.split12873 ], [ true, %LeafBlock12880 ], [ true, %NodeBlock12882 ], [ false, %NodeBlock12924 ], [ false, %LeafBlock ], [ true, %NodeBlock12886 ], [ true, %LeafBlock12922 ]
  %Pivot12898 = phi i1 [ false, %LeafBlock12884 ], [ true, %cond_7219_case_0.fold.split12873 ], [ true, %LeafBlock12880 ], [ true, %NodeBlock12882 ], [ true, %NodeBlock12924 ], [ false, %LeafBlock ], [ true, %NodeBlock12886 ], [ true, %LeafBlock12922 ]
  %SwitchLeaf12896 = phi i1 [ false, %LeafBlock12884 ], [ false, %cond_7219_case_0.fold.split12873 ], [ false, %LeafBlock12880 ], [ false, %NodeBlock12882 ], [ false, %NodeBlock12924 ], [ true, %LeafBlock ], [ false, %NodeBlock12886 ], [ false, %LeafBlock12922 ]
  %SwitchLeaf12894 = phi i1 [ false, %LeafBlock12884 ], [ false, %cond_7219_case_0.fold.split12873 ], [ true, %LeafBlock12880 ], [ false, %NodeBlock12882 ], [ false, %NodeBlock12924 ], [ false, %LeafBlock ], [ false, %NodeBlock12886 ], [ false, %LeafBlock12922 ]
  tail call void @__quantum__qis__phasedx__body(double 0x3FF921FB54442D18, double 0xBFF921FB54442D18, ptr nonnull inttoptr (i64 12 to ptr))
  tail call void @__quantum__qis__rz__body(double 0x400921FB54442D18, ptr nonnull inttoptr (i64 12 to ptr))
  tail call void @__quantum__qis__phasedx__body(double 0x3FF921FB54442D18, double 0xBFF921FB54442D18, ptr nonnull inttoptr (i64 15 to ptr))
  tail call void @__quantum__qis__rz__body(double 0x400921FB54442D18, ptr nonnull inttoptr (i64 15 to ptr))
  tail call void @__quantum__qis__phasedx__body(double 0x3FF921FB54442D18, double 0xBFF921FB54442D18, ptr nonnull inttoptr (i64 8 to ptr))
  tail call void @__quantum__qis__rz__body(double 0x400921FB54442D18, ptr nonnull inttoptr (i64 8 to ptr))
  tail call void @__quantum__qis__phasedx__body(double 0x3FF921FB54442D18, double 0xBFF921FB54442D18, ptr nonnull inttoptr (i64 11 to ptr))
  tail call void @__quantum__qis__rz__body(double 0x400921FB54442D18, ptr nonnull inttoptr (i64 11 to ptr))
  tail call void @__quantum__qis__phasedx__body(double 0x3FF921FB54442D18, double 0xBFF921FB54442D18, ptr nonnull inttoptr (i64 14 to ptr))
  tail call void @__quantum__qis__rz__body(double 0x400921FB54442D18, ptr nonnull inttoptr (i64 14 to ptr))
  tail call void @__quantum__qis__phasedx__body(double 0x3FF921FB54442D18, double 0xBFF921FB54442D18, ptr nonnull inttoptr (i64 13 to ptr))
  tail call void @__quantum__qis__rz__body(double 0x400921FB54442D18, ptr nonnull inttoptr (i64 13 to ptr))
  tail call void @__quantum__qis__phasedx__body(double 0x3FF921FB54442D18, double 0xBFF921FB54442D18, ptr nonnull inttoptr (i64 10 to ptr))
  tail call void @__quantum__qis__rz__body(double 0x400921FB54442D18, ptr nonnull inttoptr (i64 10 to ptr))
  tail call void @__quantum__qis__phasedx__body(double 0x3FF921FB54442D18, double 0xBFF921FB54442D18, ptr nonnull inttoptr (i64 9 to ptr))
  tail call void @__quantum__qis__rz__body(double 0x400921FB54442D18, ptr nonnull inttoptr (i64 9 to ptr))
  tail call void @__quantum__qis__phasedx__body(double 0x3FF921FB54442D18, double 0xBFF921FB54442D18, ptr nonnull inttoptr (i64 4 to ptr))
  tail call void @__quantum__qis__rz__body(double 0x400921FB54442D18, ptr nonnull inttoptr (i64 4 to ptr))
  tail call void @__quantum__qis__phasedx__body(double 0x3FF921FB54442D18, double 0xBFF921FB54442D18, ptr nonnull inttoptr (i64 7 to ptr))
  tail call void @__quantum__qis__rz__body(double 0x400921FB54442D18, ptr nonnull inttoptr (i64 7 to ptr))
  tail call void @__quantum__qis__phasedx__body(double 0x3FF921FB54442D18, double 0xBFF921FB54442D18, ptr null)
  tail call void @__quantum__qis__rz__body(double 0x400921FB54442D18, ptr null)
  br i1 %19, label %bb3, label %cond_7587_case_0

bb3:                                              ; preds = %cond_7219_case_0
  tail call void @__quantum__qis__rz__body(double 0x400921FB54442D18, ptr null)
  br label %cond_7587_case_0

cond_7587_case_0:                                 ; preds = %bb3, %cond_7219_case_0
  tail call void @__quantum__qis__phasedx__body(double 0x3FF921FB54442D18, double 0xBFF921FB54442D18, ptr nonnull inttoptr (i64 3 to ptr))
  tail call void @__quantum__qis__rz__body(double 0x400921FB54442D18, ptr nonnull inttoptr (i64 3 to ptr))
  tail call void @__quantum__qis__phasedx__body(double 0x3FF921FB54442D18, double 0xBFF921FB54442D18, ptr nonnull inttoptr (i64 6 to ptr))
  tail call void @__quantum__qis__rz__body(double 0x400921FB54442D18, ptr nonnull inttoptr (i64 6 to ptr))
  tail call void @__quantum__qis__phasedx__body(double 0x3FF921FB54442D18, double 0xBFF921FB54442D18, ptr nonnull inttoptr (i64 5 to ptr))
  tail call void @__quantum__qis__rz__body(double 0x400921FB54442D18, ptr nonnull inttoptr (i64 5 to ptr))
  tail call void @__quantum__qis__phasedx__body(double 0x3FF921FB54442D18, double 0xBFF921FB54442D18, ptr nonnull inttoptr (i64 2 to ptr))
  tail call void @__quantum__qis__rz__body(double 0x400921FB54442D18, ptr nonnull inttoptr (i64 2 to ptr))
  tail call void @__quantum__qis__phasedx__body(double 0x3FF921FB54442D18, double 0xBFF921FB54442D18, ptr nonnull inttoptr (i64 1 to ptr))
  tail call void @__quantum__qis__rz__body(double 0x400921FB54442D18, ptr nonnull inttoptr (i64 1 to ptr))
  br i1 %20, label %bb4, label %cond_7817_case_0

bb4:                                              ; preds = %cond_7587_case_0
  tail call void @__quantum__qis__rz__body(double 0x400921FB54442D18, ptr nonnull inttoptr (i64 2 to ptr))
  br label %cond_7817_case_0

cond_7817_case_0:                                 ; preds = %bb4, %cond_7587_case_0
  br i1 %17, label %bb5, label %NodeBlock12899

bb5:                                              ; preds = %cond_7817_case_0
  tail call void @__quantum__qis__rz__body(double 0x400921FB54442D18, ptr nonnull inttoptr (i64 3 to ptr))
  br label %NodeBlock12899

NodeBlock12899:                                   ; preds = %bb5, %cond_7817_case_0
  br i1 %Pivot12900, label %LeafBlock12893, label %NodeBlock12897

NodeBlock12897:                                   ; preds = %NodeBlock12899
  %brmerge = or i1 %Pivot12898, %SwitchLeaf12896
  br i1 %Pivot12898, label %cond_8553_case_0.sink.split.leaf.p2.0, label %NodeBlock12897.leaf.0

LeafBlock12893:                                   ; preds = %NodeBlock12899
  br i1 %SwitchLeaf12894, label %cond_8553_case_0.sink.split.leaf.p0.0, label %NodeBlock12908

NodeBlock12908:                                   ; preds = %NodeBlock12897.leaf.0, %LeafBlock12893, %cond_8553_case_0.sink.split.leaf.p2.0, %cond_8553_case_0.sink.split.leaf.p1.0, %cond_8553_case_0.sink.split.leaf.p0.0
  br i1 %Pivot12909, label %LeafBlock12902, label %NodeBlock12906

NodeBlock12906:                                   ; preds = %NodeBlock12908
  %brmerge12917 = or i1 %Pivot12907, %SwitchLeaf12905
  br i1 %Pivot12907, label %cond_9059_case_0.sink.split.leaf.p2.0, label %NodeBlock12906.leaf.0

LeafBlock12902:                                   ; preds = %NodeBlock12908
  br i1 %SwitchLeaf12896, label %cond_9059_case_0.sink.split.leaf.p0.0, label %cond_9059_case_0

cond_9059_case_0:                                 ; preds = %NodeBlock12906.leaf.0, %LeafBlock12902, %cond_9059_case_0.sink.split.leaf.p2.0, %cond_9059_case_0.sink.split.leaf.p1.0, %cond_9059_case_0.sink.split.leaf.p0.0
  br i1 %21, label %NodeBlock12915, label %NodeBlock12915.thread

NodeBlock12915:                                   ; preds = %cond_9059_case_0
  tail call void @__quantum__qis__rz__body(double 0x400921FB54442D18, ptr nonnull inttoptr (i64 10 to ptr))
  %brmerge12920 = or i1 %Pivot12916, %19
  br i1 %Pivot12916, label %cond_9887_case_0.sink.split.leaf.p2.0, label %NodeBlock12915.leaf.0

NodeBlock12915.thread:                            ; preds = %cond_9059_case_0
  %.not = xor i1 %19, true
  %brmerge12919 = or i1 %Pivot12916, %.not
  br i1 %brmerge12919, label %cond_9887_case_0, label %cond_9887_case_0.sink.split.leaf.p0.0

cond_9887_case_0:                                 ; preds = %NodeBlock12915.leaf.0, %NodeBlock12915.thread, %cond_9887_case_0.sink.split.leaf.p2.0, %cond_9887_case_0.sink.split.leaf.p1.0, %cond_9887_case_0.sink.split.leaf.p0.0
  br i1 %17, label %bb6, label %cond_10025_case_0

bb6:                                              ; preds = %cond_9887_case_0
  tail call void @__quantum__qis__rz__body(double 0x400921FB54442D18, ptr nonnull inttoptr (i64 14 to ptr))
  br label %cond_10025_case_0

cond_10025_case_0:                                ; preds = %bb6, %cond_9887_case_0
  br i1 %18, label %bb7, label %cond_10117_case_0

bb7:                                              ; preds = %cond_10025_case_0
  tail call void @__quantum__qis__rz__body(double 0x400921FB54442D18, ptr nonnull inttoptr (i64 15 to ptr))
  br label %cond_10117_case_0

cond_10117_case_0:                                ; preds = %bb7, %cond_10025_case_0
  br i1 %17, label %bb8, label %cond_10152_case_1

cond_10152_case_1:                                ; preds = %bb8, %cond_10117_case_0
  tail call void @__quantum__qis__mz__body(ptr null, ptr nonnull inttoptr (i64 8 to ptr))
  %22 = tail call i1 @__quantum__qis__read_result__body(ptr nonnull inttoptr (i64 8 to ptr))
  tail call void @__quantum__qis__mz__body(ptr nonnull inttoptr (i64 1 to ptr), ptr nonnull inttoptr (i64 9 to ptr))
  %23 = tail call i1 @__quantum__qis__read_result__body(ptr nonnull inttoptr (i64 9 to ptr))
  tail call void @__quantum__qis__mz__body(ptr nonnull inttoptr (i64 2 to ptr), ptr nonnull inttoptr (i64 10 to ptr))
  %24 = tail call i1 @__quantum__qis__read_result__body(ptr nonnull inttoptr (i64 10 to ptr))
  tail call void @__quantum__qis__mz__body(ptr nonnull inttoptr (i64 3 to ptr), ptr nonnull inttoptr (i64 11 to ptr))
  %25 = tail call i1 @__quantum__qis__read_result__body(ptr nonnull inttoptr (i64 11 to ptr))
  tail call void @__quantum__qis__mz__body(ptr nonnull inttoptr (i64 4 to ptr), ptr nonnull inttoptr (i64 12 to ptr))
  %26 = tail call i1 @__quantum__qis__read_result__body(ptr nonnull inttoptr (i64 12 to ptr))
  tail call void @__quantum__qis__mz__body(ptr nonnull inttoptr (i64 5 to ptr), ptr nonnull inttoptr (i64 13 to ptr))
  %27 = tail call i1 @__quantum__qis__read_result__body(ptr nonnull inttoptr (i64 13 to ptr))
  tail call void @__quantum__qis__mz__body(ptr nonnull inttoptr (i64 6 to ptr), ptr nonnull inttoptr (i64 14 to ptr))
  %28 = tail call i1 @__quantum__qis__read_result__body(ptr nonnull inttoptr (i64 14 to ptr))
  tail call void @__quantum__qis__mz__body(ptr nonnull inttoptr (i64 7 to ptr), ptr nonnull inttoptr (i64 15 to ptr))
  %29 = tail call i1 @__quantum__qis__read_result__body(ptr nonnull inttoptr (i64 15 to ptr))
  tail call void @__quantum__qis__mz__body(ptr nonnull inttoptr (i64 8 to ptr), ptr nonnull inttoptr (i64 16 to ptr))
  %30 = tail call i1 @__quantum__qis__read_result__body(ptr nonnull inttoptr (i64 16 to ptr))
  tail call void @__quantum__qis__mz__body(ptr nonnull inttoptr (i64 9 to ptr), ptr nonnull inttoptr (i64 17 to ptr))
  %31 = tail call i1 @__quantum__qis__read_result__body(ptr nonnull inttoptr (i64 17 to ptr))
  tail call void @__quantum__qis__mz__body(ptr nonnull inttoptr (i64 10 to ptr), ptr nonnull inttoptr (i64 18 to ptr))
  %32 = tail call i1 @__quantum__qis__read_result__body(ptr nonnull inttoptr (i64 18 to ptr))
  tail call void @__quantum__qis__mz__body(ptr nonnull inttoptr (i64 11 to ptr), ptr nonnull inttoptr (i64 19 to ptr))
  %33 = tail call i1 @__quantum__qis__read_result__body(ptr nonnull inttoptr (i64 19 to ptr))
  tail call void @__quantum__qis__mz__body(ptr nonnull inttoptr (i64 12 to ptr), ptr nonnull inttoptr (i64 20 to ptr))
  %34 = tail call i1 @__quantum__qis__read_result__body(ptr nonnull inttoptr (i64 20 to ptr))
  tail call void @__quantum__qis__mz__body(ptr nonnull inttoptr (i64 13 to ptr), ptr nonnull inttoptr (i64 21 to ptr))
  %35 = tail call i1 @__quantum__qis__read_result__body(ptr nonnull inttoptr (i64 21 to ptr))
  tail call void @__quantum__qis__mz__body(ptr nonnull inttoptr (i64 14 to ptr), ptr nonnull inttoptr (i64 22 to ptr))
  %36 = tail call i1 @__quantum__qis__read_result__body(ptr nonnull inttoptr (i64 22 to ptr))
  tail call void @__quantum__qis__mz__body(ptr nonnull inttoptr (i64 15 to ptr), ptr nonnull inttoptr (i64 23 to ptr))
  %37 = tail call i1 @__quantum__qis__read_result__body(ptr nonnull inttoptr (i64 23 to ptr))
  %"10147_0.0" = select i1 %22, i64 32768, i64 0
  %"10182_0.0" = select i1 %23, i64 16384, i64 0
  %"10217_0.0" = select i1 %24, i64 8192, i64 0
  %"10252_0.0" = select i1 %25, i64 4096, i64 0
  %"10287_0.0" = select i1 %26, i64 2048, i64 0
  %"10322_0.0" = select i1 %27, i64 1024, i64 0
  %"10357_0.0" = select i1 %28, i64 512, i64 0
  %"10392_0.0" = select i1 %29, i64 256, i64 0
  %"10427_0.0" = select i1 %30, i64 128, i64 0
  %"10462_0.0" = select i1 %31, i64 64, i64 0
  %"10497_0.0" = select i1 %32, i64 32, i64 0
  %"10532_0.0" = select i1 %33, i64 16, i64 0
  %"10567_0.0" = select i1 %34, i64 8, i64 0
  %"10602_0.0" = select i1 %35, i64 4, i64 0
  %"10637_0.0" = select i1 %36, i64 2, i64 0
  %"10672_0.0" = zext i1 %37 to i64
  %38 = or i64 %"10182_0.0", %"10147_0.0"
  %39 = or i64 %38, %"10217_0.0"
  %40 = or i64 %39, %"10252_0.0"
  %41 = or i64 %40, %"10287_0.0"
  %42 = or i64 %41, %"10322_0.0"
  %43 = or i64 %42, %"10357_0.0"
  %44 = or i64 %43, %"10392_0.0"
  %45 = or i64 %44, %"10427_0.0"
  %46 = or i64 %45, %"10462_0.0"
  %47 = or i64 %46, %"10497_0.0"
  %48 = or i64 %47, %"10532_0.0"
  %49 = or i64 %48, %"10567_0.0"
  %50 = or i64 %49, %"10602_0.0"
  %51 = or i64 %50, %"10637_0.0"
  %52 = or i64 %51, %"10672_0.0"
  br label %__prepare_module_record_output_final

bb8:                                              ; preds = %cond_10117_case_0
  tail call void @__quantum__qis__rz__body(double 0x400921FB54442D18, ptr nonnull inttoptr (i64 15 to ptr))
  br label %cond_10152_case_1

NodeBlock12897.leaf.0:                            ; preds = %NodeBlock12897
  br i1 %brmerge, label %cond_8553_case_0.sink.split.leaf.p1.0, label %NodeBlock12908

cond_8553_case_0.sink.split.leaf.p0.0:            ; preds = %LeafBlock12893
  call void @__quantum__qis__rz__body(double 0x400921FB54442D18, ptr inttoptr (i64 4 to ptr))
  br label %NodeBlock12908

cond_8553_case_0.sink.split.leaf.p1.0:            ; preds = %NodeBlock12897.leaf.0
  call void @__quantum__qis__rz__body(double 0x400921FB54442D18, ptr inttoptr (i64 6 to ptr))
  br label %NodeBlock12908

cond_8553_case_0.sink.split.leaf.p2.0:            ; preds = %NodeBlock12897
  call void @__quantum__qis__rz__body(double 0x400921FB54442D18, ptr inttoptr (i64 5 to ptr))
  br label %NodeBlock12908

NodeBlock12906.leaf.0:                            ; preds = %NodeBlock12906
  br i1 %brmerge12917, label %cond_9059_case_0.sink.split.leaf.p1.0, label %cond_9059_case_0

cond_9059_case_0.sink.split.leaf.p0.0:            ; preds = %LeafBlock12902
  call void @__quantum__qis__rz__body(double 0x400921FB54442D18, ptr inttoptr (i64 7 to ptr))
  br label %cond_9059_case_0

cond_9059_case_0.sink.split.leaf.p1.0:            ; preds = %NodeBlock12906.leaf.0
  call void @__quantum__qis__rz__body(double 0x400921FB54442D18, ptr inttoptr (i64 9 to ptr))
  br label %cond_9059_case_0

cond_9059_case_0.sink.split.leaf.p2.0:            ; preds = %NodeBlock12906
  call void @__quantum__qis__rz__body(double 0x400921FB54442D18, ptr inttoptr (i64 8 to ptr))
  br label %cond_9059_case_0

NodeBlock12915.leaf.0:                            ; preds = %NodeBlock12915
  br i1 %brmerge12920, label %cond_9887_case_0.sink.split.leaf.p1.0, label %cond_9887_case_0

cond_9887_case_0.sink.split.leaf.p0.0:            ; preds = %NodeBlock12915.thread
  call void @__quantum__qis__rz__body(double 0x400921FB54442D18, ptr inttoptr (i64 13 to ptr))
  br label %cond_9887_case_0

cond_9887_case_0.sink.split.leaf.p1.0:            ; preds = %NodeBlock12915.leaf.0
  call void @__quantum__qis__rz__body(double 0x400921FB54442D18, ptr inttoptr (i64 13 to ptr))
  br label %cond_9887_case_0

cond_9887_case_0.sink.split.leaf.p2.0:            ; preds = %NodeBlock12915
  call void @__quantum__qis__rz__body(double 0x400921FB54442D18, ptr inttoptr (i64 11 to ptr))
  br label %cond_9887_case_0

__prepare_module_record_output_final:             ; preds = %cond_10152_case_1
  call void @__quantum__rt__int_record_output(i64 %6, ptr @0)
  call void @__quantum__rt__int_record_output(i64 %13, ptr @1)
  call void @__quantum__rt__int_record_output(i64 %52, ptr @2)
  ret void
}

declare void @__quantum__qis__phasedx__body(double, double, ptr) local_unnamed_addr

declare void @__quantum__qis__rz__body(double, ptr) local_unnamed_addr

declare void @__quantum__qis__rzz__body(double, ptr, ptr) local_unnamed_addr

declare void @__quantum__qis__mz__body(ptr, ptr) local_unnamed_addr

declare i1 @__quantum__qis__read_result__body(ptr) local_unnamed_addr

declare void @__quantum__rt__int_record_output(i64, ptr) local_unnamed_addr

attributes #0 = { "entry_point" "output_labeling_schema" "qir_profiles"="custom" "required_num_qubits"="24" "required_num_results"="24" }

!llvm.module.flags = !{!0, !1, !2, !3}

!0 = !{i32 1, !"qir_major_version", i32 1}
!1 = !{i32 7, !"qir_minor_version", i32 0}
!2 = !{i32 1, !"dynamic_qubit_management", i1 false}
!3 = !{i32 1, !"dynamic_result_management", i1 false}
