---
source: src/lower_ssa_vars.rs
expression: "normalized_module_ir_for_snapshot(&module, fixture)"
---
; ModuleID = '<fixture:simple_float_select>'
source_filename = "simple_float_select"
target datalayout = "<normalized>"
target triple = "<normalized>"

define double @__hugr__.main.1(i1 %cond0) {
entry:
  br label %entry.route

entry.dup.0:                                      ; preds = %entry.route
  ret double 5.000000e+00

entry.dup.1:                                      ; preds = %entry.route
  ret double 4.000000e+00

entry.route:                                      ; preds = %entry
  br i1 %cond0, label %entry.dup.1, label %entry.dup.0
}
