---
source: src/lower_ssa_vars.rs
expression: "normalized_module_ir_for_snapshot(&module, fixture)"
---
; ModuleID = '<fixture:qubit_phi_with_constant_successor_incoming>'
source_filename = "qubit_phi_with_constant_successor_incoming"
target datalayout = "<normalized>"
target triple = "<normalized>"

define void @__hugr__.main.1(i1 %cond0, i1 %cond1) {
entry:
  %. = select i1 %cond0, ptr inttoptr (i64 1 to ptr), ptr inttoptr (i64 2 to ptr)
  br i1 %cond1, label %succ.dup, label %succ.dup1

common.ret:                                       ; preds = %succ.dup1, %succ.dup
  ret void

succ.dup:                                         ; preds = %entry
  call void @__quantum__qis__reset__body(ptr inttoptr (i64 3 to ptr))
  br label %common.ret

succ.dup1:                                        ; preds = %entry
  call void @__quantum__qis__reset__body(ptr inttoptr (i64 4 to ptr))
  br label %common.ret
}

declare void @__quantum__qis__reset__body(ptr)
