---
source: src/lower_ssa_vars.rs
expression: "normalized_module_ir_for_snapshot(&module, fixture)"
---
; ModuleID = '<fixture:tail_record_output_and_downstream_phi>'
source_filename = "tail_record_output_and_downstream_phi"
target datalayout = "<normalized>"
target triple = "<normalized>"

@0 = private unnamed_addr constant [8 x i8] c"first\00\00\00", align 1

define void @__hugr__.main.1(i1 %cond0, i1 %cond1) {
entry:
  br i1 %cond0, label %entry.dup.1, label %entry.dup.0

right:                                            ; preds = %entry.dup.1, %entry.dup.0
  %val.available4 = phi i1 [ %flag2, %entry.dup.1 ], [ %flag1, %entry.dup.0 ]
  br label %join

join:                                             ; preds = %entry.dup.0, %entry.dup.1, %right
  %phi.external = phi i1 [ true, %right ], [ %flag2, %entry.dup.1 ], [ %flag1, %entry.dup.0 ]
  %val.available3 = phi i1 [ %val.available4, %right ], [ %flag2, %entry.dup.1 ], [ %flag1, %entry.dup.0 ]
  tail call void @__test__consume_bool(i1 %phi.external)
  br label %__prepare_module_record_output_final

entry.dup.0:                                      ; preds = %entry
  %flag1 = call i1 @__quantum__qis__read_result__body(ptr null)
  call void @__quantum__qis__reset__body(ptr inttoptr (i64 6 to ptr))
  br i1 %cond1, label %join, label %right

entry.dup.1:                                      ; preds = %entry
  %flag2 = call i1 @__quantum__qis__read_result__body(ptr null)
  call void @__quantum__qis__reset__body(ptr null)
  br i1 %cond1, label %join, label %right

__prepare_module_record_output_final:             ; preds = %join
  call void @__quantum__rt__bool_record_output(i1 %val.available3, ptr @0)
  ret void
}

declare i1 @__quantum__qis__read_result__body(ptr)

declare void @__quantum__rt__bool_record_output(i1, ptr)

declare void @__quantum__qis__reset__body(ptr)

declare void @__test__consume_bool(i1)
