---
source: src/lower_qubit_ssa_vars.rs
expression: "normalized_module_ir_for_snapshot(&module, fixture)"
---
; ModuleID = '<fixture:select_with_downstream_phi>'
source_filename = "select_with_downstream_phi"
target datalayout = "<normalized>"
target triple = "<normalized>"

%Qubit = type opaque

define void @__hugr__.main.1(i1 %cond0, i1 %cond1) {
entry:
  br i1 %cond0, label %entry.dup, label %entry.dup1

entry.dup:                                        ; preds = %entry
  br i1 %cond1, label %merge.dup, label %merge.dup5

common.ret:                                       ; preds = %merge.dup5, %merge.dup4, %merge.dup
  ret void

merge.dup:                                        ; preds = %entry.dup
  call void @__quantum__qis__reset__body(%Qubit* null)
  br label %common.ret

entry.dup1:                                       ; preds = %entry
  br i1 %cond1, label %merge.dup4, label %merge.dup5

merge.dup4:                                       ; preds = %entry.dup1
  call void @__quantum__qis__reset__body(%Qubit* inttoptr (i64 1 to %Qubit*))
  br label %common.ret

merge.dup5:                                       ; preds = %entry.dup, %entry.dup1
  call void @__quantum__qis__reset__body(%Qubit* inttoptr (i64 2 to %Qubit*))
  br label %common.ret
}

declare void @__quantum__qis__reset__body(%Qubit*)
