---
source: src/rotation.rs
expression: mod_str
---
; ModuleID = 'test_context'
source_filename = "test_context"

@0 = private unnamed_addr constant [47 x i8] c"tket2.rotation.from_halfturns_unchecked failed\00", align 1
@prelude.panic_template = private unnamed_addr constant [34 x i8] c"Program panicked (signal %i): %s\0A\00", align 1
@1 = private unnamed_addr constant [37 x i8] c"Expected variant 1 but got variant 0\00", align 1
@prelude.panic_template.1 = private unnamed_addr constant [34 x i8] c"Program panicked (signal %i): %s\0A\00", align 1

define internal void @_hl.main.1(double %0) !dbg !3 {
alloca_block:
  %"2_0" = alloca double, align 8
  %"4_0" = alloca double, align 8
  %"5_0" = alloca double, align 8
  %"6_0" = alloca { i1, double }, align 8
  %"7_0" = alloca double, align 8
  %"0" = alloca double, align 8
  %"12_0" = alloca { i32, ptr }, align 8
  %"13_0" = alloca double, align 8
  %"08" = alloca double, align 8
  %"15_0" = alloca double, align 8
  %"17_0" = alloca double, align 8
  br label %entry_block

entry_block:                                      ; preds = %alloca_block
  store double %0, ptr %"2_0", align 8
  %"2_01" = load double, ptr %"2_0", align 8
  %1 = fcmp oeq double %"2_01", 0x7FF0000000000000, !dbg !8
  %2 = fcmp oeq double %"2_01", 0xFFF0000000000000, !dbg !8
  %3 = fcmp uno double %"2_01", 0.000000e+00, !dbg !8
  %4 = or i1 %1, %2, !dbg !8
  %5 = or i1 %4, %3, !dbg !8
  %6 = xor i1 %5, true, !dbg !8
  br i1 %6, label %9, label %7, !dbg !8

7:                                                ; preds = %entry_block
  %8 = call i32 (ptr, ...) @printf(ptr @prelude.panic_template, i32 1, ptr @0), !dbg !8
  call void @abort(), !dbg !8
  unreachable, !dbg !8

9:                                                ; preds = %entry_block
  store double %"2_01", ptr %"4_0", align 8, !dbg !8
  %"4_02" = load double, ptr %"4_0", align 8
  store double %"4_02", ptr %"5_0", align 8, !dbg !9
  %"5_03" = load double, ptr %"5_0", align 8
  %10 = fcmp oeq double %"5_03", 0x7FF0000000000000, !dbg !10
  %11 = fcmp oeq double %"5_03", 0xFFF0000000000000, !dbg !10
  %12 = fcmp uno double %"5_03", 0.000000e+00, !dbg !10
  %13 = or i1 %10, %11, !dbg !10
  %14 = or i1 %13, %12, !dbg !10
  %15 = xor i1 %14, true, !dbg !10
  %16 = insertvalue { i1, double } { i1 true, double poison }, double %"5_03", 1, !dbg !10
  %17 = select i1 %15, { i1, double } %16, { i1, double } { i1 false, double poison }, !dbg !10
  store { i1, double } %17, ptr %"6_0", align 8, !dbg !10
  %"6_04" = load { i1, double }, ptr %"6_0", align 8
  %18 = extractvalue { i1, double } %"6_04", 0
  switch i1 %18, label %19 [
    i1 true, label %20
  ]

19:                                               ; preds = %9
  br label %cond_7_case_0

20:                                               ; preds = %9
  %21 = extractvalue { i1, double } %"6_04", 1
  store double %21, ptr %"08", align 8
  br label %cond_7_case_1

cond_7_case_0:                                    ; preds = %19
  store { i32, ptr } { i32 1, ptr @1 }, ptr %"12_0", align 8
  %"12_06" = load { i32, ptr }, ptr %"12_0", align 8
  %22 = extractvalue { i32, ptr } %"12_06", 0, !dbg !11
  %23 = extractvalue { i32, ptr } %"12_06", 1, !dbg !11
  %24 = call i32 (ptr, ...) @printf(ptr @prelude.panic_template.1, i32 %22, ptr %23), !dbg !11
  call void @abort(), !dbg !11
  store double 0.000000e+00, ptr %"13_0", align 8, !dbg !11
  %"13_07" = load double, ptr %"13_0", align 8
  store double %"13_07", ptr %"0", align 8
  br label %cond_exit_7

cond_7_case_1:                                    ; preds = %20
  %"09" = load double, ptr %"08", align 8
  store double %"09", ptr %"15_0", align 8
  %"15_010" = load double, ptr %"15_0", align 8
  store double %"15_010", ptr %"0", align 8
  br label %cond_exit_7

cond_exit_7:                                      ; preds = %cond_7_case_1, %cond_7_case_0
  %"05" = load double, ptr %"0", align 8
  store double %"05", ptr %"7_0", align 8
  %"4_011" = load double, ptr %"4_0", align 8
  %"7_012" = load double, ptr %"7_0", align 8
  %25 = fadd double %"4_011", %"7_012", !dbg !12
  store double %25, ptr %"17_0", align 8, !dbg !12
  ret void
}

declare i32 @printf(ptr, ...)

declare void @abort()

!llvm.module.flags = !{!0}
!llvm.dbg.cu = !{!1}

!0 = !{i32 2, !"Debug Info Version", i32 3}
!1 = distinct !DICompileUnit(language: DW_LANG_Python, file: !2, producer: "hugr_llvm_test", isOptimized: false, runtimeVersion: 0, emissionKind: FullDebug)
!2 = !DIFile(filename: "/cmJrSnVYeXFf/zCkHdtWCCnkJhPKiWSKICgZuRNRvR/mbrfVq.gpy.py", directory: "/lA")
!3 = distinct !DISubprogram(name: "_hl.main.1", linkageName: "_hl.main.1", scope: null, file: !4, line: 25254, type: !5, scopeLine: 25255, spFlags: DISPFlagLocalToUnit | DISPFlagDefinition, unit: !1)
!4 = !DIFile(filename: "/cmJrSnVYeXFf/zCkHdtWCCnkJhPKiWSKICgZuRNRvR/mbrfVq.gpy.py", directory: "")
!5 = !DISubroutineType(types: !6)
!6 = !{null, !7}
!7 = !DIBasicType(name: "f64", size: 64, encoding: DW_ATE_float)
!8 = !DILocation(line: 27062, column: 402, scope: !3)
!9 = !DILocation(line: 5388, column: 404, scope: !3)
!10 = !DILocation(line: 10060, column: 368, scope: !3)
!11 = !DILocation(line: 32551, column: 131, scope: !3)
!12 = !DILocation(line: 13582, column: 372, scope: !3)
