---
source: src/lower_ssa_vars.rs
expression: "normalized_module_ir_for_snapshot(&module, fixture)"
---
; ModuleID = '<fixture:tail_unreachable_terminator>'
source_filename = "tail_unreachable_terminator"
target datalayout = "<normalized>"
target triple = "<normalized>"

define void @__hugr__.main.1(i1 %cond) {
entry:
  br i1 %cond, label %entry.dup1, label %entry.dup

entry.dup1:                                       ; preds = %entry
  call void @__quantum__qis__reset__body(ptr null)
  unreachable

entry.dup:                                        ; preds = %entry
  call void @__quantum__qis__reset__body(ptr inttoptr (i64 9 to ptr))
  unreachable
}

declare void @__quantum__qis__reset__body(ptr)
