---
source: src/lower_ssa_vars.rs
expression: "normalized_module_ir_for_snapshot(&module, fixture)"
---
; ModuleID = '<fixture:simple_qubit_phi>'
source_filename = "simple_qubit_phi"
target datalayout = "<normalized>"
target triple = "<normalized>"

define void @__hugr__.main.1(i1 %cond) {
entry:
  br i1 %cond, label %merge.dup1, label %merge.dup

common.ret:                                       ; preds = %merge.dup, %merge.dup1
  ret void

merge.dup1:                                       ; preds = %entry
  call void @__quantum__qis__reset__body(ptr null)
  br label %common.ret

merge.dup:                                        ; preds = %entry
  call void @__quantum__qis__reset__body(ptr inttoptr (i64 1 to ptr))
  br label %common.ret
}

declare void @__quantum__qis__reset__body(ptr)
